{
 "UploadResponse": {
  "Path": "/sparse.txt",
  "Size": 15,
  "StoredSize": 10,
  "sha256": "e3b0c44298fc1c149afbf4c8996fb92427ae41e4649b934ca495991b7852b855",
  "md5": "d41d8cd98f00b204e9800998ecf8427e"
 },
 "Sparse File Data": "the lox ju",
 "S3 files": [
  "orgs/test/clients/C.1352adc54e292a23/collections/F.1231/uploads/sparse/3f7b4a2f88f351e985c568f0a01fcaf67d5847f740a08ccb58ca73a1d147fa75",
  "orgs/test/clients/C.1352adc54e292a23/collections/F.1231/uploads/sparse/3f7b4a2f88f351e985c568f0a01fcaf67d5847f740a08ccb58ca73a1d147fa75.idx"
 ],
 "IDX file": "{\"ranges\":[{\"file_length\":5,\"length\":5},{\"file_offset\":5,\"original_offset\":5,\"length\":5},{\"file_offset\":5,\"original_offset\":10,\"file_length\":5,\"length\":5}]}"
}