{
 "Enrollment": {
  "pem": "LS0tLS1CRUdJTiBSU0EgUFVCTElDIEtFWS0tLS0tCk1JSUJDZ0tDQVFFQXlVang3VDdaQ0czS0wvS2xuL0tMby8yN0FZWXlFVFJqdnFmaUhjVHBvcTExUk5BZDZqL1oKdFJHYUk2anE3UmhZR0xqWjI4UERXWjQ2bnA5MFM5QkJXbmNxN0JlQUQ1T1dNb1ErTGxkS1dFSWV1eE5mTkVkWQpSQVpIcGxlWkRtcll5U0w4U3ovaUxleFBiRXJUc1g5U2dZSm1xK1M3emNrdlFwVVNtczlNMEVSVHh6R3VGbzdlCi9OMXdra0xvekJkQUxyUXB1R2ZzUDBJY3FxSkR4K3JOSCt0RmJrc2hCMkN1WU5zeHVMN2phb2wwYlJDMmYweXkKQ0JXMnRVZCtrVG5vRUV1dTZRSDh3SVpjbTc2bFBZREtDYllRZm9VZDArWnc5UmxjSmJuUi93dE9lbUZ2NGxySApJcEdDeXZFUXNJR3JiQW84MGRyby8rVzVDUTVzWFZhNFBRSURBUUFCCi0tLS0tRU5EIFJTQSBQVUJMSUMgS0VZLS0tLS0K",
  "enroll_time": 1661391000
 },
 "ClientRecord": {
  "client_id": "C.1352adc54e292a23",
  "hostname": "devbox",
  "system": "linux",
  "first_seen_at": 1661391000000000000,
  "ping": 1661391000000000000,
  "labels": [],
  "lower_labels": [],
  "mac_addresses": [
   "00:0c:29:e3:53:83",
   "02:42:69:c1:eb:25",
   "02:42:bc:9a:b8:6e",
   "02:42:fb:7e:19:f7",
   "f2:c2:0a:5f:03:f1",
   "26:1d:10:c6:51:06",
   "8e:7d:7d:50:5a:00"
  ],
  "last_hunt_timestamp": 0,
  "last_event_table_version": 0,
  "labels_timestamp": 0,
  "assigned_hunts": []
 },
 "System.VFS.ListDirectory": {
  "client_id": "C.1352adc54e292a23",
  "session_id": "F.CCMS0OJQ7LI36",
  "context": "",
  "create_time": 0,
  "start_time": 1661391000000000,
  "last_active_time": 1661391000000000,
  "uploaded_files": 0,
  "uploaded_bytes": 0,
  "query_stats": [
   "{\"duration\":21397750,\"names_with_response\":[\"\",\"System.VFS.ListDirectory\"],\"Artifact\":\"System.VFS.ListDirectory\",\"log_rows\":2,\"result_rows\":1,\"query_id\":1,\"total_queries\":1}"
  ],
  "tasks": "",
  "errored": 0
 },
 "System.VFS.ListDirectory Results": [
  {
   "client_id": "",
   "flow_id": "",
   "artifact": "",
   "type": "",
   "start_row": 0,
   "end_row": 1,
   "vfs_path": "/clients/C.1352adc54e292a23/collections/F.CCMS0OJQ7LI36/logs.json",
   "data": "{\"client_time\":1663943042,\"level\":\"INFO\",\"message\":\"Starting query execution.\\n\"}\n",
   "total_rows": 1,
   "timestamp": 1661391000
  },
  {
   "client_id": "",
   "flow_id": "",
   "artifact": "",
   "type": "",
   "start_row": 1,
   "end_row": 2,
   "vfs_path": "/clients/C.1352adc54e292a23/collections/F.CCMS0OJQ7LI36/logs.json",
   "data": "{\"client_time\":1663943042,\"level\":\"DEFAULT\",\"message\":\"Time 0: System.VFS.ListDirectory: Sending response part 0 7.8 kB (1 rows).\"}\n",
   "total_rows": 2,
   "timestamp": 1661391000
  },
  {
   "client_id": "",
   "flow_id": "",
   "artifact": "",
   "type": "",
   "start_row": 0,
   "end_row": 1,
   "vfs_path": "/clients/C.1352adc54e292a23/artifacts/System.VFS.ListDirectory/F.CCMS0OJQ7LI36.json",
   "data": "{\"Directory\":\"\",\"Components\":[],\"Count\":27,\"_Accessor\":\"auto\",\"_JSON\":\"[{\\\"_FullPath\\\":\\\"/hello.txt\\\",\\\"_Accessor\\\":\\\"auto\\\",\\\"_Data\\\":{\\\"DevMajor\\\":253,\\\"DevMinor\\\":0},\\\"Name\\\":\\\"hello.txt\\\",\\\"Size\\\":784,\\\"Mode\\\":\\\"-rwxr-xr-x\\\",\\\"mtime\\\":\\\"2022-06-24T12:59:30Z\\\",\\\"atime\\\":\\\"2022-09-11T15:12:27Z\\\",\\\"ctime\\\":\\\"2022-06-24T12:59:30Z\\\",\\\"btime\\\":\\\"0001-01-01T00:00:00Z\\\"}]\"}\n",
   "total_rows": 1,
   "timestamp": 1661391000
  },
  {
   "client_id": "",
   "flow_id": "",
   "artifact": "",
   "type": "",
   "start_row": 2,
   "end_row": 3,
   "vfs_path": "/clients/C.1352adc54e292a23/collections/F.CCMS0OJQ7LI36/logs.json",
   "data": "{\"client_time\":1663943042,\"level\":\"INFO\",\"message\":\"Collection is done after 21.109779ms\\n\"}\n",
   "total_rows": 3,
   "timestamp": 1661391000
  },
  {
   "client_id": "",
   "flow_id": "",
   "artifact": "",
   "type": "",
   "start_row": 3,
   "end_row": 4,
   "vfs_path": "/clients/C.1352adc54e292a23/collections/F.CCMS0OJQ7LI36/logs.json",
   "data": "{\"client_time\":1663943042,\"level\":\"DEBUG\",\"message\":\"Query Stats: {\\\"RowsScanned\\\":3,\\\"PluginsCalled\\\":2,\\\"FunctionsCalled\\\":4,\\\"ProtocolSearch\\\":0,\\\"ScopeCopy\\\":8}\\n\"}\n",
   "total_rows": 4,
   "timestamp": 1661391000
  }
 ],
 "System.VFS.ListDirectory vfs": [
  {
   "client_id": "C.1352adc54e292a23",
   "components": [
    "C.1352adc54e292a23",
    "auto"
   ],
   "downloads": [],
   "data": "{\"Response\":\"[{\\\"_FullPath\\\":\\\"/hello.txt\\\",\\\"_Accessor\\\":\\\"auto\\\",\\\"_Data\\\":{\\\"DevMajor\\\":253,\\\"DevMinor\\\":0},\\\"Name\\\":\\\"hello.txt\\\",\\\"Size\\\":784,\\\"Mode\\\":\\\"-rwxr-xr-x\\\",\\\"mtime\\\":\\\"2022-06-24T12:59:30Z\\\",\\\"atime\\\":\\\"2022-09-11T15:12:27Z\\\",\\\"ctime\\\":\\\"2022-06-24T12:59:30Z\\\",\\\"btime\\\":\\\"0001-01-01T00:00:00Z\\\"}]\",\"Columns\":[\"_FullPath\",\"_Accessor\",\"_Data\",\"Name\",\"Size\",\"Mode\",\"mtime\",\"atime\",\"ctime\",\"btime\"],\"total_rows\":27,\"client_id\":\"C.1352adc54e292a23\",\"flow_id\":\"F.CCMS0OJQ7LI36\"}"
  }
 ],
 "System.VFS.ListDirectory after Error Log": {
  "client_id": "C.1352adc54e292a23",
  "session_id": "F.CCMS0OJQ7LI36",
  "context": "",
  "create_time": 0,
  "start_time": 1661391000000000,
  "last_active_time": 1661391000000000,
  "uploaded_files": 0,
  "uploaded_bytes": 0,
  "query_stats": [
   "{\"duration\":21397750,\"names_with_response\":[\"\",\"System.VFS.ListDirectory\"],\"Artifact\":\"System.VFS.ListDirectory\",\"log_rows\":2,\"result_rows\":1,\"query_id\":1,\"total_queries\":1}",
   "{\"status\":10,\"error_message\":\"Something went wrong!\"}"
  ],
  "tasks": "",
  "errored": 1
 },
 "System.VFS.DownloadFile": {
  "client_id": "C.1352adc54e292a23",
  "session_id": "F.CCM9S0N2QR4H8",
  "context": "",
  "create_time": 0,
  "start_time": 1661391000000000,
  "last_active_time": 1661391000000000,
  "uploaded_files": 1,
  "uploaded_bytes": 784,
  "query_stats": [
   "{\"duration\":399915666,\"names_with_response\":[\"\",\"System.VFS.DownloadFile\"],\"Artifact\":\"System.VFS.DownloadFile\",\"log_rows\":2,\"result_rows\":1,\"query_id\":1,\"total_queries\":1}"
  ],
  "tasks": "",
  "errored": 0
 },
 "System.VFS.DownloadFile vfs": [
  {
   "client_id": "C.1352adc54e292a23",
   "components": [
    "C.1352adc54e292a23",
    "auto"
   ],
   "downloads": [
    "{\"Accessor\":\"auto\",\"_Components\":[\"hello.txt\"],\"FSPath\":[\"clients\",\"C.1352adc54e292a23\",\"collections\",\"F.CCM9S0N2QR4H8\",\"uploads\",\"auto\",\"734cad14909bedfafb5b273b6b0eb01fbfa639587d217f78ce9639bba41f4415\"],\"Size\":784,\"StoredSize\":784,\"Sha256\":\"f70a5bf6c762e49248284586e113473fdcedbd8433b0287820bf7a0607ebd60c\",\"Md5\":\"544b886b7e4c99b807103a4ef584a8c7\",\"mtime\":1661391000}"
   ],
   "data": "{\"Response\":\"[{\\\"_FullPath\\\":\\\"/hello.txt\\\",\\\"_Accessor\\\":\\\"auto\\\",\\\"_Data\\\":{\\\"DevMajor\\\":253,\\\"DevMinor\\\":0},\\\"Name\\\":\\\"hello.txt\\\",\\\"Size\\\":784,\\\"Mode\\\":\\\"-rwxr-xr-x\\\",\\\"mtime\\\":\\\"2022-06-24T12:59:30Z\\\",\\\"atime\\\":\\\"2022-09-11T15:12:27Z\\\",\\\"ctime\\\":\\\"2022-06-24T12:59:30Z\\\",\\\"btime\\\":\\\"0001-01-01T00:00:00Z\\\"}]\",\"Columns\":[\"_FullPath\",\"_Accessor\",\"_Data\",\"Name\",\"Size\",\"Mode\",\"mtime\",\"atime\",\"ctime\",\"btime\"],\"total_rows\":27,\"client_id\":\"C.1352adc54e292a23\",\"flow_id\":\"F.CCMS0OJQ7LI36\"}"
  }
 ],
 "Generic.Client.Stats Results": [
  {
   "client_id": "C.1352adc54e292a23",
   "flow_id": "F.Monitoring",
   "artifact": "Generic.Client.Stats",
   "type": "results",
   "timestamp": 1661391000000000000,
   "date": 1661385600,
   "vfs_path": "/clients/C.1352adc54e292a23/monitoring/Generic.Client.Stats/2022-08-25.json",
   "data": "{\"Timestamp\":1664246379.037654,\"CPU\":5.56,\"RSS\":83447808,\"CPUPercent\":null,\"ClientId\":\"C.1352adc54e292a23\"}\n{\"Timestamp\":1664246389.0389478,\"CPU\":5.93,\"RSS\":72527872,\"CPUPercent\":0.036995213198136666,\"ClientId\":\"C.1352adc54e292a23\"}\n{\"Timestamp\":1664246399.0391533,\"CPU\":6,\"RSS\":73875456,\"CPUPercent\":0.006999856141185939,\"ClientId\":\"C.1352adc54e292a23\"}\n{\"Timestamp\":1664246409.0397468,\"CPU\":6.12,\"RSS\":72306688,\"CPUPercent\":0.011999287933643665,\"ClientId\":\"C.1352adc54e292a23\"}\n{\"Timestamp\":1664246419.040297,\"CPU\":6.18,\"RSS\":73654272,\"CPUPercent\":0.005999669856118451,\"ClientId\":\"C.1352adc54e292a23\"}\n{\"Timestamp\":1664246429.0415347,\"CPU\":6.26,\"RSS\":65314816,\"CPUPercent\":0.007999010017847958,\"ClientId\":\"C.1352adc54e292a23\"}\n{\"Timestamp\":1664246439.0423741,\"CPU\":6.36,\"RSS\":62390272,\"CPUPercent\":0.009999160598648414,\"ClientId\":\"C.1352adc54e292a23\"}\n{\"Timestamp\":1664246449.0437052,\"CPU\":6.42,\"RSS\":62619648,\"CPUPercent\":0.005999201451737721,\"ClientId\":\"C.1352adc54e292a23\"}\n{\"Timestamp\":1664246459.0448549,\"CPU\":6.5,\"RSS\":64479232,\"CPUPercent\":0.007999080382213527,\"ClientId\":\"C.1352adc54e292a23\"}\n{\"Timestamp\":1664246469.0458136,\"CPU\":6.619999999999999,\"RSS\":61812736,\"CPUPercent\":0.011998849692949804,\"ClientId\":\"C.1352adc54e292a23\"}\n{\"Timestamp\":1664246479.047109,\"CPU\":6.68,\"RSS\":63152128,\"CPUPercent\":0.005999222903775355,\"ClientId\":\"C.1352adc54e292a23\"}\n"
  },
  {
   "client_id": "C.1352adc54e292a23",
   "flow_id": "F.Monitoring",
   "artifact": "Generic.Client.Stats",
   "type": "logs",
   "timestamp": 1661391000000000000,
   "date": 1661385600,
   "vfs_path": "/clients/C.1352adc54e292a23/monitoring_logs/Generic.Client.Stats/2022-08-25.json",
   "data": "{\"client_time\":1664246489,\"level\":\"DEFAULT\",\"message\":\"Time 120: Generic.Client.Stats: Sending response part 0 1.0 kB (11 rows).\"}"
  }
 ]
}