{
 "System.VFS.DownloadFile": {
  "client_id": "C.1352adc54e292a23",
  "session_id": "F.CCM9S0N2QR4H8",
  "context": "",
  "create_time": 0,
  "start_time": 0,
  "last_active_time": 0,
  "uploaded_files": 1,
  "uploaded_bytes": 784,
  "query_stats": [],
  "tasks": "",
  "errored": 0,
  "timestamp": 0
 },
 "System.VFS.DownloadFile vfs": null
}